<html>
<body>
<pre>
<h1>礦ision Build Log</h1>
<h2>Tool Versions:</h2>
IDE-Version: μVision V5.31.0.0
Copyright (C) 2020 ARM Ltd and ARM Germany GmbH. All rights reserved.
License Information: LB Windows, HP Inc., LIC=GMZII-T67AD-30ZNC-723RJ-YUSXD-0I4K5
 
Tool Versions:
Toolchain:       MDK-ARM Plus  Version: 5.31.0.0
Toolchain Path:  G:\keilstm32\Keil_v5\ARM\ARMCC\Bin
C Compiler:      Armcc.exe V5.06 update 6 (build 750)
Assembler:       Armasm.exe V5.06 update 6 (build 750)
Linker/Locator:  ArmLink.exe V5.06 update 6 (build 750)
Library Manager: ArmAr.exe V5.06 update 6 (build 750)
Hex Converter:   FromElf.exe V5.06 update 6 (build 750)
CPU DLL:         SARMCM3.DLL V5.31.0.0
Dialog DLL:      DCM.DLL V1.17.3.0
Target DLL:      Segger\JL2CM3.dll V2.99.38.0
Dialog DLL:      TCM.DLL V1.46.0.0
 
<h2>Project:</h2>
D:\电控\2021标准库步兵2.0 + FreeRTOS\Project\project.uvprojx
Project File Date:  08/02/2021

<h2>Output:</h2>
*** Using Compiler 'V5.06 update 6 (build 750)', folder: 'G:\keilstm32\Keil_v5\ARM\ARMCC\Bin'
Build target 'Target 1'
compiling main.c...
compiling can2.c...
compiling Sonic.c...
compiling system.c...
compiling led.c...
compiling stm32f4xx_it.c...
compiling TIM.c...
compiling FreeRTOS_Init.c...
compiling zigbee_upper.c...
compiling can1.c...
compiling iwdg.c...
compiling GO.c...
compiling mpu6050.c...
compiling BUFF.c...
compiling bmi.c...
compiling uart1.c...
compiling inv_mpu_dmp_motion_driver.c...
compiling uart3.c...
compiling bmi2_common.c...
compiling myiic.c...
compiling AUTO.c...
compiling inv_mpu.c...
compiling uart4.c...
compiling vision.c...
compiling kalman.c...
compiling CUSUI.c...
compiling crc.c...
compiling system_state.c...
compiling referee.c...
compiling chassis.c...
compiling masters_RTX.c...
compiling remote.c...
compiling motor.c...
compiling module.c...
compiling rifle.c...
compiling gimbal.c...
compiling my_imu.c...
compiling PID.c...
linking...
Program Size: Code=127424 RO-data=11784 RW-data=6336 ZI-data=84000  
".\Objects\project.axf" - 0 Error(s), 0 Warning(s).

<h2>Software Packages used:</h2>

Package Vendor: Keil
                http://www.keil.com/pack/Keil.STM32F4xx_DFP.2.14.0.pack
                Keil.STM32F4xx_DFP.2.14.0
                STMicroelectronics STM32F4 Series Device Support, Drivers and Examples

<h2>Collection of Component include folders:</h2>
  G:\keilstm32\Keil_v5\ARM\PACK\Keil\STM32F4xx_DFP\2.14.0\Drivers\CMSIS\Device\ST\STM32F4xx\Include

<h2>Collection of Component Files used:</h2>
Build Time Elapsed:  00:00:13
</pre>
</body>
</html>
